// Jest Snapshot v1, https://goo.gl/fbAQLP

exports[`Title renders correctly 1`] = `
<h1
  className="text-xl md:text-2xl font-bold leading-tight mt-12"
>
  title
</h1>
`;
